# Top-right 13/2 has permutations {49|58|67}:
#  {67} conflicts with cage 15/2 which must include {67}
#  {58} conflicts with cage 14/2 which must include {58}
0x1ff 0x1ff 0x1ff 0x1ff 0x1ff 0x1ff 0x1ff 0x108 0x108
0x1ff 0x1ff 0x1ff 0x1ff 0x1ff 0x1ff 0x1ff 0x1ff 0x1ff
0x1ff 0x1ff 0x1ff 0x1ff 0x1ff 0x1ff 0x1ff 0x1ff 0x1ff
0x1ff 0x1ff 0x1ff 0x1ff 0x1ff 0x1ff 0x1ff 0x1ff 0x1ce
0x1ff 0x1ff 0x1ff 0x1ff 0x1ff 0x1ff 0x1ff 0x1ff 0x1ce
0x1ff 0x1ff 0x1ff 0x1ff 0x1ff 0x1ff 0x1ff 0x1ff 0x1ff
0x1ff 0x1ff 0x1ff 0x1ff 0x1ff 0x1ff 0x1ff 0x1ff 0x1ff
0x1ff 0x1ff 0x1ff 0x1ff 0x1ff 0x1ff 0x1ff 0x1ff 0x1ff
0x1ff 0x1ff 0x1ff 0x1ff 0x1ff 0x1ff 0x1ff 0x1ff 0x1ff

8  A0 A1
15 A2 A3
25 A4 B4 B3 B2 B5 B6
7  A5 A6
13 A7 A8
6  B0 C0
20 B7 C7 C6 D6 D7
14 B8 C8
23 C2 D2 D1 C1 B1
19 C5 C4 C3
8  D0 E0
13 D4 E4 F4
22 E1 E2 F2 G2
11 E8 D8
13 F0 G0
17 F1 G1 H1
15 F3 E3 D3
17 F5 E5 D5
3  F8 G8
9  G3 H3
20 G6 F6 E6 E7
9  H5 G5
38 H6 J5 J6 J7 J8 H8
17 H7 G7 F7
16 J4 H4 G4
27 J0 J2 H0 J1 J3 H2
