0x004 0x080 0x010 0x020 0x100 0x001 0x040 0x002 0x008 
0x001 0x002 0x008 0x040 0x004 0x080 0x010 0x020 0x100 
0x020 0x040 0x100 0x002 0x008 0x010 0x001 0x080 0x004 
0x100 0x004 0x001 0x008 0x010 0x002 0x020 0x040 0x080 
0x002 0x008 0x040 0x080 0x020 0x004 0x100 0x001 0x010 
0x080 0x010 0x020 0x100 0x001 0x040 0x008 0x004 0x002 
0x010 0x001 0x002 0x004 0x040 0x100 0x080 0x008 0x020 
0x008 0x100 0x004 0x001 0x080 0x020 0x002 0x010 0x040 
0x040 0x020 0x080 0x010 0x002 0x008 0x004 0x100 0x001 

13 A0 A1 B1
11 A2 A3
12 A4 B4
9  A5 B5
12 A6 B6
8  A7 B7
24 A8 B8 C8 D8
18 B0 C0 D0 E0
11 B2 B3
14 C1 D1 E1
15 C2 C3 C4
21 C5 C6 C7 D7
10 D2 D3 D4
20 D5 D6 E5 E6
30 E2 E3 F2 F3
18 E4 F4 F5 F6
8  E7 F7 G7
20 E8 F8 G8 H8
24 F0 G0 H0 J0
11 F1 G1 G2 G3
24 G4 G5 G6
15 H1 J1
11 H2 J2
6  H3 J3
10 H4 J4
8  H5 H6
7  J5 J6
15 H7 J7 J8
